// Jest Snapshot v1, https://goo.gl/fbAQLP

exports[`test if it renders with params 1`] = `
<Link
  replace={false}
  to={
    Object {
      "pathname": "/section",
      "search": "?course=CSC302&year=2019&semester=FALL&sectionCode=LEC0101",
    }
  }
>
  <div
    className="card-element lecture-section"
  >
    <div>
      CSC302H1F - LEC0101 - 2019
    </div>
  </div>
</Link>
`;
